#
# There is insufficient memory for the Java Runtime Environment to continue.
# Native memory allocation (mmap) failed to map 65536 bytes. Error detail: Failed to commit metaspace.
# Possible reasons:
#   The system is out of physical RAM or swap space
#   This process is running with CompressedOops enabled, and the Java Heap may be blocking the growth of the native heap
# Possible solutions:
#   Reduce memory load on the system
#   Increase physical memory or swap space
#   Check if swap backing store is full
#   Decrease Java heap size (-Xmx/-Xms)
#   Decrease number of Java threads
#   Decrease Java thread stack sizes (-Xss)
#   Set larger code cache with -XX:ReservedCodeCacheSize=
#   JVM is running with Unscaled Compressed Oops mode in which the Java heap is
#     placed in the first 4GB address space. The Java Heap base address is the
#     maximum limit for the native heap growth. Please use -XX:HeapBaseMinAddress
#     to set the Java Heap base and to place the Java Heap above 4GB virtual address.
# This output file may be truncated or incomplete.
#
#  Out of Memory Error (virtualSpaceNode.cpp:113), pid=3940, tid=6320
#
# JRE version: OpenJDK Runtime Environment Temurin-21.0.10+7 (21.0.10+7) (build 21.0.10+7-LTS)
# Java VM: OpenJDK 64-Bit Server VM Temurin-21.0.10+7 (21.0.10+7-LTS, mixed mode, sharing, tiered, compressed oops, compressed class ptrs, parallel gc, windows-amd64)
# No core dump will be written. Minidumps are not enabled by default on client versions of Windows
#

---------------  S U M M A R Y ------------

Command Line: --add-modules=ALL-SYSTEM --add-opens=java.base/java.util=ALL-UNNAMED --add-opens=java.base/java.lang=ALL-UNNAMED --add-opens=java.base/sun.nio.fs=ALL-UNNAMED -Declipse.application=org.eclipse.jdt.ls.core.id1 -Dosgi.bundles.defaultStartLevel=4 -Declipse.product=org.eclipse.jdt.ls.core.product -Djava.import.generatesMetadataFilesAtProjectRoot=false -DDetectVMInstallationsJob.disabled=true -Dfile.encoding=utf8 -XX:+UseParallelGC -XX:GCTimeRatio=4 -XX:AdaptiveSizePolicyWeight=90 -Dsun.zip.disableMemoryMapping=true -Xmx2G -Xms100m -Xlog:disable -javaagent:c:\Users\mike\.vscode\extensions\redhat.java-1.54.0-win32-x64\lombok\lombok-1.18.39-4050.jar c:\Users\mike\.vscode\extensions\redhat.java-1.54.0-win32-x64\server\plugins\org.eclipse.equinox.launcher_1.7.100.v20251111-0406.jar -configuration c:\Users\mike\AppData\Roaming\Code\User\globalStorage\redhat.java\1.54.0\config_ss_win -data c:\Users\mike\AppData\Roaming\Code\User\workspaceStorage\e55c6a81ce491297daf25e063b7bdb39\redhat.java\ss_ws --pipe=\\.\pipe\lsp-acf434dd0a484253556c566b6443e7e6-sock

Host: Intel(R) Core(TM) i3-2370M CPU @ 2.40GHz, 4 cores, 7G,  Windows 10 , 64 bit Build 19041 (10.0.19041.7181)
Time: Thu May  7 05:11:54 2026 Hora oficial do Brasil elapsed time: 1.473481 seconds (0d 0h 0m 1s)

---------------  T H R E A D  ---------------

Current thread (0x000002bee3afee30):  JavaThread "main"             [_thread_in_vm, id=6320, stack(0x000000f847b00000,0x000000f847c00000) (1024K)]

Stack: [0x000000f847b00000,0x000000f847c00000]
Native frames: (J=compiled Java code, j=interpreted, Vv=VM code, C=native code)
V  [jvm.dll+0x6d7a39]
V  [jvm.dll+0x8b4b26]
V  [jvm.dll+0x8b70de]
V  [jvm.dll+0x8b77c3]
V  [jvm.dll+0x284346]
V  [jvm.dll+0x8b086e]
V  [jvm.dll+0x679444]
V  [jvm.dll+0x6794aa]
V  [jvm.dll+0x67bca6]
V  [jvm.dll+0x67bb72]
V  [jvm.dll+0x679e1e]
V  [jvm.dll+0x26f614]
V  [jvm.dll+0x219f3f]
V  [jvm.dll+0x20f62e]
V  [jvm.dll+0x5b644f]
V  [jvm.dll+0x22168e]
V  [jvm.dll+0x82e12d]
V  [jvm.dll+0x82f15b]
V  [jvm.dll+0x82f724]
V  [jvm.dll+0x82f3b8]
V  [jvm.dll+0x271c6d]
V  [jvm.dll+0x3dce3e]
C  0x000002beee259174

The last pc belongs to new (printed below).
Java frames: (J=compiled Java code, j=interpreted, Vv=VM code)
j  sun.security.provider.X509Factory.cachedGetX509Cert([B)Lsun/security/x509/X509CertImpl;+17 java.base@21.0.10
j  sun.security.provider.X509Factory.engineGenerateCertificate(Ljava/io/InputStream;)Ljava/security/cert/Certificate;+33 java.base@21.0.10
j  java.security.cert.CertificateFactory.generateCertificate(Ljava/io/InputStream;)Ljava/security/cert/Certificate;+5 java.base@21.0.10
j  sun.security.pkcs.PKCS7.parseSignedData(Lsun/security/util/DerValue;)V+279 java.base@21.0.10
j  sun.security.pkcs.PKCS7.parse(Lsun/security/util/DerInputStream;Z)V+51 java.base@21.0.10
j  sun.security.pkcs.PKCS7.parse(Lsun/security/util/DerInputStream;)V+11 java.base@21.0.10
j  sun.security.pkcs.PKCS7.<init>([B)V+50 java.base@21.0.10
j  sun.security.util.SignatureFileVerifier.<init>(Ljava/util/ArrayList;Lsun/security/util/ManifestDigester;Ljava/lang/String;[B)V+35 java.base@21.0.10
j  java.util.jar.JarVerifier.processEntry(Lsun/security/util/ManifestEntryVerifier;)V+319 java.base@21.0.10
j  java.util.jar.JarVerifier.update(I[BIILsun/security/util/ManifestEntryVerifier;)V+39 java.base@21.0.10
j  java.util.jar.JarFile.initializeVerifier()V+164 java.base@21.0.10
j  java.util.jar.JarFile.ensureInitialization()V+36 java.base@21.0.10
j  java.util.jar.JavaUtilJarAccessImpl.ensureInitialization(Ljava/util/jar/JarFile;)V+1 java.base@21.0.10
j  jdk.internal.loader.URLClassPath$JarLoader$2.getManifest()Ljava/util/jar/Manifest;+10 java.base@21.0.10
j  jdk.internal.loader.BuiltinClassLoader.defineClass(Ljava/lang/String;Ljdk/internal/loader/Resource;)Ljava/lang/Class;+29 java.base@21.0.10
j  jdk.internal.loader.BuiltinClassLoader.findClassOnClassPathOrNull(Ljava/lang/String;)Ljava/lang/Class;+37 java.base@21.0.10
j  jdk.internal.loader.BuiltinClassLoader.loadClassOrNull(Ljava/lang/String;Z)Ljava/lang/Class;+111 java.base@21.0.10
j  jdk.internal.loader.BuiltinClassLoader.loadClass(Ljava/lang/String;Z)Ljava/lang/Class;+3 java.base@21.0.10
j  jdk.internal.loader.ClassLoaders$AppClassLoader.loadClass(Ljava/lang/String;Z)Ljava/lang/Class;+36 java.base@21.0.10
j  java.lang.ClassLoader.loadClass(Ljava/lang/String;)Ljava/lang/Class;+3 java.base@21.0.10
v  ~StubRoutines::call_stub 0x000002beee24100d
j  java.lang.Class.forName0(Ljava/lang/String;ZLjava/lang/ClassLoader;Ljava/lang/Class;)Ljava/lang/Class;+0 java.base@21.0.10
j  java.lang.Class.forName(Ljava/lang/String;ZLjava/lang/ClassLoader;Ljava/lang/Class;)Ljava/lang/Class;+37 java.base@21.0.10
j  java.lang.Class.forName(Ljava/lang/String;ZLjava/lang/ClassLoader;)Ljava/lang/Class;+20 java.base@21.0.10
j  sun.launcher.LauncherHelper.loadMainClass(ILjava/lang/String;)Ljava/lang/Class;+95 java.base@21.0.10
j  sun.launcher.LauncherHelper.checkAndLoadMain(ZILjava/lang/String;)Ljava/lang/Class;+42 java.base@21.0.10
v  ~StubRoutines::call_stub 0x000002beee24100d
new  187 new  [0x000002beee258fe0, 0x000002beee2591e8]  520 bytes
[MachCode]
  0x000002beee258fe0: 4883 ec08 | c5fa 1104 | 24eb 1f48 | 83ec 10c5 | fb11 0424 | eb14 4883 | ec10 4889 | 0424 48c7 
  0x000002beee259000: 4424 0800 | 0000 00eb | 0150 410f | b755 010f | cac1 ea10 | 488b 4de8 | 488b 4908 | 488b 4908 
  0x000002beee259020: 488b 4108 | 807c 1004 | 070f 85d3 | 0000 0066 | 8b54 d148 | 488b 4928 | 488b 4cd1 | 0851 80b9 
  0x000002beee259040: 3101 0000 | 040f 85b6 | 0000 008b | 5108 f6c2 | 010f 85aa | 0000 0049 | 8b87 b801 | 0000 488d 
  0x000002beee259060: 1c10 493b | 9fc8 0100 | 000f 8792 | 0000 0049 | 899f b801 | 0000 4883 | ea10 0f84 | 0f00 0000 
  0x000002beee259080: 33c9 c1ea | 0348 894c | d008 48ff | ca75 f648 | c700 0100 | 0000 5933 | f689 700c | 49ba 0000 
  0x000002beee2590a0: 0080 be02 | 0000 492b | ca89 4808 | 49ba c75c | 451e f97f | 0000 4180 | 3a00 0f84 | 3c00 0000 
  0x000002beee2590c0: 5048 8bc8 | 4883 ec20 | 40f6 c40f | 0f84 1900 | 0000 4883 | ec08 48b8 | 90e1 ee1d | f97f 0000 
  0x000002beee2590e0: ffd0 4883 | c408 e90c | 0000 0048 | b890 e1ee | 1df9 7f00 | 00ff d048 | 83c4 2058 | e9cb 0000 
  0x000002beee259100: 0059 488b | 55e8 488b | 5208 488b | 5208 450f | b745 0141 | 0fc8 41c1 | e810 e805 | 0000 00e9 
  0x000002beee259120: a800 0000 | 488d 4424 | 084c 896d | c049 8bcf | c5f8 7749 | 89af b003 | 0000 4989 | 87a0 0300 
  0x000002beee259140: 0048 83ec | 2040 f6c4 | 0f0f 8419 | 0000 0048 | 83ec 0848 | b8f0 cdb8 | 1df9 7f00 | 00ff d048 
  0x000002beee259160: 83c4 08e9 | 0c00 0000 | 48b8 f0cd | b81d f97f | 0000 ffd0 | 4883 c420 | 49c7 87a0 | 0300 0000 
  0x000002beee259180: 0000 0049 | c787 b003 | 0000 0000 | 0000 49c7 | 87a8 0300 | 0000 0000 | 00c5 f877 | 4983 7f08 
  0x000002beee2591a0: 000f 8405 | 0000 00e9 | 547d feff | 498b 87f8 | 0300 0049 | c787 f803 | 0000 0000 | 0000 4c8b 
  0x000002beee2591c0: 6dc0 4c8b | 75c8 4e8d | 74f5 00c3 | 410f b65d | 0349 83c5 | 0349 ba10 | 2548 1ef9 | 7f00 0041 
  0x000002beee2591e0: ff24 da0f | 1f44 0000 
[/MachCode]

---------------  P R O C E S S  ---------------

Threads class SMR info:
_java_thread_list=0x000002beff267460, length=12, elements={
0x000002bee3afee30, 0x000002befa236fd0, 0x000002befa2388e0, 0x000002befa23a1f0,
0x000002befa23b390, 0x000002befa23f070, 0x000002befa23fad0, 0x000002befa240910,
0x000002befa2b4a20, 0x000002beff14f590, 0x000002beff262d50, 0x000002beff2a44f0
}

Java Threads: ( => current thread )
=>0x000002bee3afee30 JavaThread "main"                              [_thread_in_vm, id=6320, stack(0x000000f847b00000,0x000000f847c00000) (1024K)]
  0x000002befa236fd0 JavaThread "Reference Handler"          daemon [_thread_blocked, id=6160, stack(0x000000f847f00000,0x000000f848000000) (1024K)]
  0x000002befa2388e0 JavaThread "Finalizer"                  daemon [_thread_blocked, id=7356, stack(0x000000f848000000,0x000000f848100000) (1024K)]
  0x000002befa23a1f0 JavaThread "Signal Dispatcher"          daemon [_thread_blocked, id=5472, stack(0x000000f848100000,0x000000f848200000) (1024K)]
  0x000002befa23b390 JavaThread "Attach Listener"            daemon [_thread_blocked, id=8624, stack(0x000000f848200000,0x000000f848300000) (1024K)]
  0x000002befa23f070 JavaThread "Service Thread"             daemon [_thread_blocked, id=2280, stack(0x000000f848300000,0x000000f848400000) (1024K)]
  0x000002befa23fad0 JavaThread "Monitor Deflation Thread"   daemon [_thread_blocked, id=7016, stack(0x000000f848400000,0x000000f848500000) (1024K)]
  0x000002befa240910 JavaThread "C2 CompilerThread0"         daemon [_thread_blocked, id=7048, stack(0x000000f848500000,0x000000f848600000) (1024K)]
  0x000002befa2b4a20 JavaThread "C1 CompilerThread0"         daemon [_thread_in_vm, id=8008, stack(0x000000f848600000,0x000000f848700000) (1024K)]
  0x000002beff14f590 JavaThread "Common-Cleaner"             daemon [_thread_blocked, id=2376, stack(0x000000f848700000,0x000000f848800000) (1024K)]
  0x000002beff262d50 JavaThread "Notification Thread"        daemon [_thread_blocked, id=4368, stack(0x000000f848800000,0x000000f848900000) (1024K)]
  0x000002beff2a44f0 JavaThread "C2 CompilerThread1"         daemon [_thread_blocked, id=7364, stack(0x000000f848900000,0x000000f848a00000) (1024K)]
Total: 12

Other Threads:
  0x000002befa21c200 VMThread "VM Thread"                           [id=2352, stack(0x000000f847e00000,0x000000f847f00000) (1024K)]
  0x000002bee3bc3380 WatcherThread "VM Periodic Task Thread"        [id=3708, stack(0x000000f847d00000,0x000000f847e00000) (1024K)]
  0x000002bee3b06060 WorkerThread "GC Thread#0"                     [id=3516, stack(0x000000f847c00000,0x000000f847d00000) (1024K)]
Total: 3

Threads with active compile tasks:
C1 CompilerThread0  1567  602       3       java.lang.Byte::<init> (10 bytes)
Total: 1

VM state: not at safepoint (normal execution)

VM Mutex/Monitor currently owned by a thread:  ([mutex/lock_event])
[0x00007ff91e46c4e0] Metaspace_lock - owner thread: 0x000002bee3afee30

Heap address: 0x0000000080000000, size: 2048 MB, Compressed Oops mode: 32-bit

CDS archive(s) mapped at: [0x000002be80000000-0x000002be80ba0000-0x000002be80ba0000), size 12189696, SharedBaseAddress: 0x000002be80000000, ArchiveRelocationMode: 1.
Compressed class space mapped at: 0x000002be81000000-0x000002bec1000000, reserved size: 1073741824
Narrow klass base: 0x000002be80000000, Narrow klass shift: 0, Narrow klass range: 0x100000000

GC Precious Log:
 CardTable entry size: 512
 CPUs: 4 total, 4 available
 Memory: 8102M
 Large Page Support: Disabled
 NUMA Support: Disabled
 Compressed Oops: Enabled (32-bit)
 Alignments: Space 512K, Generation 512K, Heap 2M
 Heap Min Capacity: 100M
 Heap Initial Capacity: 100M
 Heap Max Capacity: 2G
 Pre-touch: Disabled
 Parallel Workers: 4

Heap:
 PSYoungGen      total 29696K, used 11284K [0x00000000d5580000, 0x00000000d7680000, 0x0000000100000000)
  eden space 25600K, 44% used [0x00000000d5580000,0x00000000d6085300,0x00000000d6e80000)
  from space 4096K, 0% used [0x00000000d7280000,0x00000000d7280000,0x00000000d7680000)
  to   space 4096K, 0% used [0x00000000d6e80000,0x00000000d6e80000,0x00000000d7280000)
 ParOldGen       total 68608K, used 0K [0x0000000080000000, 0x0000000084300000, 0x00000000d5580000)
  object space 68608K, 0% used [0x0000000080000000,0x0000000080000000,0x0000000084300000)
 Metaspace       used 1616K, committed 1792K, reserved 1114112K
  class space    used 159K, committed 256K, reserved 1048576K

Card table byte_map: [0x000002bee33c0000,0x000002bee37d0000] _byte_map_base: 0x000002bee2fc0000

Marking Bits: (ParMarkBitMap*) 0x00007ff91e473450
 Begin Bits: [0x000002bef5d10000, 0x000002bef7d10000)
 End Bits:   [0x000002bef7d10000, 0x000002bef9d10000)

Polling page: 0x000002bee1790000

Metaspace:

Usage:
  Non-class:      1.42 MB used.
      Class:    159.28 KB used.
       Both:      1.58 MB used.

Virtual space:
  Non-class space:       64.00 MB reserved,       1.50 MB (  2%) committed,  1 nodes.
      Class space:        1.00 GB reserved,     256.00 KB ( <1%) committed,  1 nodes.
             Both:        1.06 GB reserved,       1.75 MB ( <1%) committed. 

Chunk freelists:
   Non-Class:  11.65 MB
       Class:  15.67 MB
        Both:  27.33 MB

MaxMetaspaceSize: unlimited
CompressedClassSpaceSize: 1.00 GB
Initial GC threshold: 21.00 MB
Current GC threshold: 21.00 MB
CDS: on
 - commit_granule_bytes: 65536.
 - commit_granule_words: 8192.
 - virtual_space_node_default_size: 8388608.
 - enlarge_chunks_in_place: 1.
 - use_allocation_guard: 0.


Internal statistics:

num_allocs_failed_limit: 0.
num_arena_births: 76.
num_arena_deaths: 0.
num_vsnodes_births: 2.
num_vsnodes_deaths: 0.
num_space_committed: 28.
num_space_uncommitted: 0.
num_chunks_returned_to_freelist: 0.
num_chunks_taken_from_freelist: 98.
num_chunk_merges: 0.
num_chunk_splits: 69.
num_chunks_enlarged: 44.
num_inconsistent_stats: 0.

CodeHeap 'non-profiled nmethods': size=120000Kb used=215Kb max_used=215Kb free=119784Kb
 bounds [0x000002beee7e0000, 0x000002beeea50000, 0x000002bef5d10000]
CodeHeap 'profiled nmethods': size=120000Kb used=910Kb max_used=910Kb free=119089Kb
 bounds [0x000002bee6d10000, 0x000002bee6f80000, 0x000002beee240000]
CodeHeap 'non-nmethods': size=5760Kb used=1156Kb max_used=1170Kb free=4603Kb
 bounds [0x000002beee240000, 0x000002beee4b0000, 0x000002beee7e0000]
CodeCache: size=245760Kb, used=2281Kb, max_used=2295Kb, free=243476Kb
 total_blobs=1009, nmethods=600, adapters=316, full_count=0
Compilation: enabled, stopped_count=0, restarted_count=0

Compilation events (20 events):
Event: 1.440 Thread 0x000002befa2b4a20 nmethod 589 0x000002bee6deb790 code [0x000002bee6deb960, 0x000002bee6debbc0]
Event: 1.440 Thread 0x000002befa2b4a20  590       3       java.lang.CharacterDataLatin1::digit (32 bytes)
Event: 1.440 Thread 0x000002befa2b4a20 nmethod 590 0x000002bee6debd10 code [0x000002bee6debec0, 0x000002bee6dec100]
Event: 1.442 Thread 0x000002befa2b4a20  591       3       java.lang.Integer::parseInt (7 bytes)
Event: 1.442 Thread 0x000002befa2b4a20 nmethod 591 0x000002bee6dec210 code [0x000002bee6dec3c0, 0x000002bee6dec4e0]
Event: 1.442 Thread 0x000002befa2b4a20  592       3       java.lang.Integer::parseInt (264 bytes)
Event: 1.444 Thread 0x000002befa240910  597       4       java.util.ArrayList$Itr::hasNext (20 bytes)
Event: 1.445 Thread 0x000002befa240910 nmethod 597 0x000002beee814e90 code [0x000002beee815020, 0x000002beee8150d8]
Event: 1.445 Thread 0x000002befa2b4a20 nmethod 592 0x000002bee6dec590 code [0x000002bee6deca00, 0x000002bee6dee658]
Event: 1.445 Thread 0x000002befa2b4a20  593       3       sun.security.util.ObjectIdentifier::checkOidSize (86 bytes)
Event: 1.446 Thread 0x000002befa2b4a20 nmethod 593 0x000002bee6def290 code [0x000002bee6def5a0, 0x000002bee6df0268]
Event: 1.447 Thread 0x000002befa240910  598       4       java.util.Collections$UnmodifiableCollection$1::hasNext (10 bytes)
Event: 1.447 Thread 0x000002befa2b4a20  594       3       sun.security.util.ObjectIdentifier::pack7Oid (42 bytes)
Event: 1.447 Thread 0x000002befa2b4a20 nmethod 594 0x000002bee6df0790 code [0x000002bee6df0940, 0x000002bee6df0b28]
Event: 1.447 Thread 0x000002befa2b4a20  595       1       sun.instrument.TransformerManager::getSnapshotTransformerList (5 bytes)
Event: 1.447 Thread 0x000002befa2b4a20 nmethod 595 0x000002beee815190 code [0x000002beee815320, 0x000002beee8153e8]
Event: 1.447 Thread 0x000002befa2b4a20  596       1       sun.instrument.TransformerManager$TransformerInfo::transformer (5 bytes)
Event: 1.447 Thread 0x000002befa2b4a20 nmethod 596 0x000002beee815490 code [0x000002beee815620, 0x000002beee8156e8]
Event: 1.467 Thread 0x000002befa240910 nmethod 598 0x000002beee815a90 code [0x000002beee815c20, 0x000002beee815d00]
Event: 1.468 Thread 0x000002befa2b4a20  600       3       jdk.internal.org.objectweb.asm.Type::getArgumentsAndReturnSizes (140 bytes)

GC Heap History (0 events):
No events

Dll operation events (8 events):
Event: 0.015 Loaded shared library c:\Users\mike\.vscode\extensions\redhat.java-1.54.0-win32-x64\jre\21.0.10-win32-x86_64\bin\java.dll
Event: 0.388 Loaded shared library c:\Users\mike\.vscode\extensions\redhat.java-1.54.0-win32-x64\jre\21.0.10-win32-x86_64\bin\zip.dll
Event: 0.459 Loaded shared library C:\Users\mike\.vscode\extensions\redhat.java-1.54.0-win32-x64\jre\21.0.10-win32-x86_64\bin\instrument.dll
Event: 0.512 Loaded shared library C:\Users\mike\.vscode\extensions\redhat.java-1.54.0-win32-x64\jre\21.0.10-win32-x86_64\bin\net.dll
Event: 0.518 Loaded shared library C:\Users\mike\.vscode\extensions\redhat.java-1.54.0-win32-x64\jre\21.0.10-win32-x86_64\bin\nio.dll
Event: 0.530 Loaded shared library C:\Users\mike\.vscode\extensions\redhat.java-1.54.0-win32-x64\jre\21.0.10-win32-x86_64\bin\zip.dll
Event: 0.605 Loaded shared library C:\Users\mike\.vscode\extensions\redhat.java-1.54.0-win32-x64\jre\21.0.10-win32-x86_64\bin\jimage.dll
Event: 0.889 Loaded shared library c:\Users\mike\.vscode\extensions\redhat.java-1.54.0-win32-x64\jre\21.0.10-win32-x86_64\bin\verify.dll

Deoptimization events (20 events):
Event: 0.638 Thread 0x000002bee3afee30 DEOPT PACKING pc=0x000002bee6d479c9 sp=0x000000f847bfe490
Event: 0.638 Thread 0x000002bee3afee30 DEOPT UNPACKING pc=0x000002beee294242 sp=0x000000f847bfd918 mode 0
Event: 1.180 Thread 0x000002bee3afee30 Uncommon trap: trap_request=0xffffff45 fr.pc=0x000002beee7ef830 relative=0x0000000000000610
Event: 1.180 Thread 0x000002bee3afee30 Uncommon trap: reason=unstable_if action=reinterpret pc=0x000002beee7ef830 method=java.util.HashMap.putVal(ILjava/lang/Object;Ljava/lang/Object;ZZ)Ljava/lang/Object; @ 69 c2
Event: 1.180 Thread 0x000002bee3afee30 DEOPT PACKING pc=0x000002beee7ef830 sp=0x000000f847bfe320
Event: 1.180 Thread 0x000002bee3afee30 DEOPT UNPACKING pc=0x000002beee293aa2 sp=0x000000f847bfe290 mode 2
Event: 1.216 Thread 0x000002bee3afee30 DEOPT PACKING pc=0x000002bee6db3b8d sp=0x000000f847bfa070
Event: 1.216 Thread 0x000002bee3afee30 DEOPT UNPACKING pc=0x000002beee294242 sp=0x000000f847bf9520 mode 0
Event: 1.260 Thread 0x000002bee3afee30 DEOPT PACKING pc=0x000002bee6d58998 sp=0x000000f847bfd8c0
Event: 1.260 Thread 0x000002bee3afee30 DEOPT UNPACKING pc=0x000002beee294242 sp=0x000000f847bfcd80 mode 0
Event: 1.261 Thread 0x000002bee3afee30 Uncommon trap: trap_request=0xffffff45 fr.pc=0x000002beee7f0ee0 relative=0x00000000000000c0
Event: 1.261 Thread 0x000002bee3afee30 Uncommon trap: reason=unstable_if action=reinterpret pc=0x000002beee7f0ee0 method=java.lang.String.isLatin1()Z @ 10 c2
Event: 1.261 Thread 0x000002bee3afee30 DEOPT PACKING pc=0x000002beee7f0ee0 sp=0x000000f847bff020
Event: 1.261 Thread 0x000002bee3afee30 DEOPT UNPACKING pc=0x000002beee293aa2 sp=0x000000f847bfef60 mode 2
Event: 1.268 Thread 0x000002bee3afee30 DEOPT PACKING pc=0x000002bee6d58998 sp=0x000000f847bfcb00
Event: 1.268 Thread 0x000002bee3afee30 DEOPT UNPACKING pc=0x000002beee294242 sp=0x000000f847bfbfc0 mode 0
Event: 1.277 Thread 0x000002bee3afee30 DEOPT PACKING pc=0x000002bee6d58998 sp=0x000000f847bfc630
Event: 1.277 Thread 0x000002bee3afee30 DEOPT UNPACKING pc=0x000002beee294242 sp=0x000000f847bfbaf0 mode 0
Event: 1.281 Thread 0x000002bee3afee30 DEOPT PACKING pc=0x000002bee6d58998 sp=0x000000f847bfab20
Event: 1.281 Thread 0x000002bee3afee30 DEOPT UNPACKING pc=0x000002beee294242 sp=0x000000f847bf9fe0 mode 0

Classes loaded (20 events):
Event: 1.444 Loading class jdk/internal/event/Event
Event: 1.444 Loading class jdk/internal/event/Event done
Event: 1.444 Loading class jdk/internal/event/SecurityProviderServiceEvent done
Event: 1.445 Loading class sun/security/provider/X509Factory
Event: 1.445 Loading class sun/security/provider/X509Factory done
Event: 1.445 Loading class sun/security/util/Cache
Event: 1.446 Loading class sun/security/util/Cache done
Event: 1.446 Loading class sun/security/util/MemoryCache
Event: 1.446 Loading class sun/security/util/MemoryCache done
Event: 1.446 Loading class sun/security/jca/GetInstance$Instance
Event: 1.447 Loading class sun/security/jca/GetInstance$Instance done
Event: 1.468 Loading class java/lang/Byte$ByteCache
Event: 1.469 Loading class java/lang/Byte$ByteCache done
Event: 1.469 Loading class java/security/cert/X509Certificate
Event: 1.469 Loading class java/security/cert/X509Extension
Event: 1.469 Loading class java/security/cert/X509Extension done
Event: 1.469 Loading class java/security/cert/X509Certificate done
Event: 1.470 Loading class sun/security/util/Cache$EqualByteArray
Event: 1.470 Loading class sun/security/util/Cache$EqualByteArray done
Event: 1.470 Loading class sun/security/x509/X509CertImpl

Classes unloaded (0 events):
No events

Classes redefined (0 events):
No events

Internal exceptions (11 events):
Event: 0.379 Thread 0x000002bee3afee30 Exception <a 'java/lang/NoSuchMethodError'{0x00000000d57a8e90}: 'void java.lang.invoke.DirectMethodHandle$Holder.invokeStatic(java.lang.Object, java.lang.Object, java.lang.Object)'> (0x00000000d57a8e90) 
thrown [s\src\hotspot\share\interpreter\linkResolver.cpp, line 773]
Event: 0.591 Thread 0x000002bee3afee30 Exception <a 'java/lang/NoSuchMethodError'{0x00000000d5911b80}: 'java.lang.Object java.lang.invoke.Invokers$Holder.invokeExact_MT(java.lang.Object, java.lang.Object, java.lang.Object, java.lang.Object, java.lang.Object)'> (0x00000000d5911b80) 
thrown [s\src\hotspot\share\interpreter\linkResolver.cpp, line 773]
Event: 0.729 Thread 0x000002bee3afee30 Exception <a 'java/lang/NoSuchMethodError'{0x00000000d59ca5f8}: 'int java.lang.invoke.DirectMethodHandle$Holder.invokeSpecial(java.lang.Object, java.lang.Object, java.lang.Object, int)'> (0x00000000d59ca5f8) 
thrown [s\src\hotspot\share\interpreter\linkResolver.cpp, line 773]
Event: 0.734 Thread 0x000002bee3afee30 Exception <a 'java/lang/NoSuchMethodError'{0x00000000d59dcfe0}: 'java.lang.Object java.lang.invoke.DirectMethodHandle$Holder.invokeStatic(java.lang.Object, java.lang.Object, java.lang.Object, java.lang.Object, int)'> (0x00000000d59dcfe0) 
thrown [s\src\hotspot\share\interpreter\linkResolver.cpp, line 773]
Event: 0.757 Thread 0x000002bee3afee30 Exception <a 'java/lang/NoSuchMethodError'{0x00000000d59e8420}: 'void java.lang.invoke.DelegatingMethodHandle$Holder.reinvoke_L(java.lang.Object, java.lang.Object, java.lang.Object, int, java.lang.Object)'> (0x00000000d59e8420) 
thrown [s\src\hotspot\share\interpreter\linkResolver.cpp, line 773]
Event: 0.763 Thread 0x000002bee3afee30 Exception <a 'java/lang/NoSuchMethodError'{0x00000000d59f8d70}: 'int java.lang.invoke.DirectMethodHandle$Holder.invokeSpecial(java.lang.Object, java.lang.Object, java.lang.Object)'> (0x00000000d59f8d70) 
thrown [s\src\hotspot\share\interpreter\linkResolver.cpp, line 773]
Event: 0.767 Thread 0x000002bee3afee30 Exception <a 'java/lang/NoSuchMethodError'{0x00000000d5a04a30}: 'java.lang.Object java.lang.invoke.DirectMethodHandle$Holder.invokeStatic(java.lang.Object, java.lang.Object, int)'> (0x00000000d5a04a30) 
thrown [s\src\hotspot\share\interpreter\linkResolver.cpp, line 773]
Event: 0.768 Thread 0x000002bee3afee30 Exception <a 'java/lang/NoSuchMethodError'{0x00000000d5a09380}: 'void java.lang.invoke.DirectMethodHandle$Holder.invokeStatic(java.lang.Object, java.lang.Object, int, java.lang.Object)'> (0x00000000d5a09380) 
thrown [s\src\hotspot\share\interpreter\linkResolver.cpp, line 773]
Event: 0.769 Thread 0x000002bee3afee30 Exception <a 'java/lang/NoSuchMethodError'{0x00000000d5a0cf10}: 'void java.lang.invoke.DirectMethodHandle$Holder.invokeSpecial(java.lang.Object, java.lang.Object, java.lang.Object, int, java.lang.Object)'> (0x00000000d5a0cf10) 
thrown [s\src\hotspot\share\interpreter\linkResolver.cpp, line 773]
Event: 0.771 Thread 0x000002bee3afee30 Exception <a 'java/lang/NoSuchMethodError'{0x00000000d5a10380}: 'void java.lang.invoke.DelegatingMethodHandle$Holder.delegate(java.lang.Object, java.lang.Object, int, java.lang.Object)'> (0x00000000d5a10380) 
thrown [s\src\hotspot\share\interpreter\linkResolver.cpp, line 773]
Event: 0.959 Thread 0x000002bee3afee30 Exception <a 'java/lang/NoSuchMethodError'{0x00000000d5bcf218}: 'void java.lang.invoke.DelegatingMethodHandle$Holder.reinvoke_L(java.lang.Object, java.lang.Object, java.lang.Object, int)'> (0x00000000d5bcf218) 
thrown [s\src\hotspot\share\interpreter\linkResolver.cpp, line 773]

ZGC Phase Switch (0 events):
No events

VM Operations (4 events):
Event: 0.386 Executing non-safepoint VM operation: HandshakeAllThreads (Deoptimize)
Event: 0.386 Executing non-safepoint VM operation: HandshakeAllThreads (Deoptimize) done
Event: 0.651 Executing non-safepoint VM operation: HandshakeAllThreads (Deoptimize)
Event: 0.651 Executing non-safepoint VM operation: HandshakeAllThreads (Deoptimize) done

Memory protections (0 events):
No events

Nmethod flushes (0 events):
No events

Events (12 events):
Event: 0.080 Thread 0x000002bee3afee30 Thread added: 0x000002bee3afee30
Event: 0.144 Thread 0x000002bee3afee30 Thread added: 0x000002befa236fd0
Event: 0.144 Thread 0x000002bee3afee30 Thread added: 0x000002befa2388e0
Event: 0.145 Thread 0x000002bee3afee30 Thread added: 0x000002befa23a1f0
Event: 0.145 Thread 0x000002bee3afee30 Thread added: 0x000002befa23b390
Event: 0.145 Thread 0x000002bee3afee30 Thread added: 0x000002befa23f070
Event: 0.145 Thread 0x000002bee3afee30 Thread added: 0x000002befa23fad0
Event: 0.145 Thread 0x000002bee3afee30 Thread added: 0x000002befa240910
Event: 0.202 Thread 0x000002bee3afee30 Thread added: 0x000002befa2b4a20
Event: 0.502 Thread 0x000002bee3afee30 Thread added: 0x000002beff14f590
Event: 1.228 Thread 0x000002bee3afee30 Thread added: 0x000002beff262d50
Event: 1.262 Thread 0x000002befa2b4a20 Thread added: 0x000002beff2a44f0


Dynamic libraries:
0x00007ff7b5450000 - 0x00007ff7b545e000 	c:\Users\mike\.vscode\extensions\redhat.java-1.54.0-win32-x64\jre\21.0.10-win32-x86_64\bin\java.exe
0x00007ff962e10000 - 0x00007ff963008000 	C:\WINDOWS\SYSTEM32\ntdll.dll
0x00007ff960fa0000 - 0x00007ff961062000 	C:\WINDOWS\System32\KERNEL32.DLL
0x00007ff960b10000 - 0x00007ff960e07000 	C:\WINDOWS\System32\KERNELBASE.dll
0x00007ff960550000 - 0x00007ff960650000 	C:\WINDOWS\System32\ucrtbase.dll
0x00007ff958d90000 - 0x00007ff958da8000 	c:\Users\mike\.vscode\extensions\redhat.java-1.54.0-win32-x64\jre\21.0.10-win32-x86_64\bin\jli.dll
0x00007ff961760000 - 0x00007ff9618fd000 	C:\WINDOWS\System32\USER32.dll
0x00007ff960840000 - 0x00007ff960862000 	C:\WINDOWS\System32\win32u.dll
0x00007ff9626c0000 - 0x00007ff9626eb000 	C:\WINDOWS\System32\GDI32.dll
0x00007ff9609f0000 - 0x00007ff960b0a000 	C:\WINDOWS\System32\gdi32full.dll
0x00007ff960480000 - 0x00007ff96051d000 	C:\WINDOWS\System32\msvcp_win.dll
0x00007ff958b90000 - 0x00007ff958bae000 	c:\Users\mike\.vscode\extensions\redhat.java-1.54.0-win32-x64\jre\21.0.10-win32-x86_64\bin\VCRUNTIME140.dll
0x00007ff954ae0000 - 0x00007ff954d7b000 	C:\WINDOWS\WinSxS\amd64_microsoft.windows.common-controls_6595b64144ccf1df_6.0.19041.6926_none_60b5a53971f8f7e6\COMCTL32.dll
0x00007ff9621e0000 - 0x00007ff96227e000 	C:\WINDOWS\System32\msvcrt.dll
0x00007ff9628c0000 - 0x00007ff9628ef000 	C:\WINDOWS\System32\IMM32.DLL
0x00007ff95d250000 - 0x00007ff95d25c000 	c:\Users\mike\.vscode\extensions\redhat.java-1.54.0-win32-x64\jre\21.0.10-win32-x86_64\bin\vcruntime140_1.dll
0x00007ff94e210000 - 0x00007ff94e29d000 	c:\Users\mike\.vscode\extensions\redhat.java-1.54.0-win32-x64\jre\21.0.10-win32-x86_64\bin\msvcp140.dll
0x00007ff91d7b0000 - 0x00007ff91e551000 	c:\Users\mike\.vscode\extensions\redhat.java-1.54.0-win32-x64\jre\21.0.10-win32-x86_64\bin\server\jvm.dll
0x00007ff9624d0000 - 0x00007ff962581000 	C:\WINDOWS\System32\ADVAPI32.dll
0x00007ff962430000 - 0x00007ff9624cf000 	C:\WINDOWS\System32\sechost.dll
0x00007ff9610d0000 - 0x00007ff9611f6000 	C:\WINDOWS\System32\RPCRT4.dll
0x00007ff960520000 - 0x00007ff960547000 	C:\WINDOWS\System32\bcrypt.dll
0x00007ff962850000 - 0x00007ff9628bb000 	C:\WINDOWS\System32\WS2_32.dll
0x00007ff9602d0000 - 0x00007ff96031b000 	C:\WINDOWS\SYSTEM32\POWRPROF.dll
0x00007ff955230000 - 0x00007ff955257000 	C:\WINDOWS\SYSTEM32\WINMM.dll
0x00007ff955360000 - 0x00007ff95536a000 	C:\WINDOWS\SYSTEM32\VERSION.dll
0x00007ff9602b0000 - 0x00007ff9602c2000 	C:\WINDOWS\SYSTEM32\UMPDC.dll
0x00007ff95e2f0000 - 0x00007ff95e302000 	C:\WINDOWS\SYSTEM32\kernel.appcore.dll
0x00007ff95cee0000 - 0x00007ff95ceea000 	c:\Users\mike\.vscode\extensions\redhat.java-1.54.0-win32-x64\jre\21.0.10-win32-x86_64\bin\jimage.dll
0x00007ff954d80000 - 0x00007ff954f81000 	C:\WINDOWS\SYSTEM32\DBGHELP.DLL
0x00007ff950930000 - 0x00007ff950964000 	C:\WINDOWS\SYSTEM32\dbgcore.DLL
0x00007ff9607b0000 - 0x00007ff960832000 	C:\WINDOWS\System32\bcryptPrimitives.dll
0x00007ff9531b0000 - 0x00007ff9531bf000 	c:\Users\mike\.vscode\extensions\redhat.java-1.54.0-win32-x64\jre\21.0.10-win32-x86_64\bin\instrument.dll
0x00007ff958ad0000 - 0x00007ff958af0000 	c:\Users\mike\.vscode\extensions\redhat.java-1.54.0-win32-x64\jre\21.0.10-win32-x86_64\bin\java.dll
0x00007ff961a30000 - 0x00007ff9621a1000 	C:\WINDOWS\System32\SHELL32.dll
0x00007ff95e4f0000 - 0x00007ff95ec96000 	C:\WINDOWS\SYSTEM32\windows.storage.dll
0x00007ff9628f0000 - 0x00007ff962c43000 	C:\WINDOWS\System32\combase.dll
0x00007ff95fdd0000 - 0x00007ff95fdfb000 	C:\WINDOWS\SYSTEM32\Wldp.dll
0x00007ff960ec0000 - 0x00007ff960f96000 	C:\WINDOWS\System32\OLEAUT32.dll
0x00007ff961900000 - 0x00007ff9619ad000 	C:\WINDOWS\System32\SHCORE.dll
0x00007ff962d70000 - 0x00007ff962dcb000 	C:\WINDOWS\System32\shlwapi.dll
0x00007ff9603b0000 - 0x00007ff9603d4000 	C:\WINDOWS\SYSTEM32\profapi.dll
0x00007ff953540000 - 0x00007ff953558000 	c:\Users\mike\.vscode\extensions\redhat.java-1.54.0-win32-x64\jre\21.0.10-win32-x86_64\bin\zip.dll
0x00007ff95cec0000 - 0x00007ff95ced0000 	C:\Users\mike\.vscode\extensions\redhat.java-1.54.0-win32-x64\jre\21.0.10-win32-x86_64\bin\net.dll
0x00007ff95a4c0000 - 0x00007ff95a5ca000 	C:\WINDOWS\SYSTEM32\WINHTTP.dll
0x00007ff95fb00000 - 0x00007ff95fb6a000 	C:\WINDOWS\system32\mswsock.dll
0x00007ff952390000 - 0x00007ff9523a6000 	C:\Users\mike\.vscode\extensions\redhat.java-1.54.0-win32-x64\jre\21.0.10-win32-x86_64\bin\nio.dll
0x00007ff952110000 - 0x00007ff952120000 	c:\Users\mike\.vscode\extensions\redhat.java-1.54.0-win32-x64\jre\21.0.10-win32-x86_64\bin\verify.dll

JVMTI agents:
c:\Users\mike\.vscode\extensions\redhat.java-1.54.0-win32-x64\lombok\lombok-1.18.39-4050.jar path:c:\Users\mike\.vscode\extensions\redhat.java-1.54.0-win32-x64\jre\21.0.10-win32-x86_64\bin\instrument.dll, loaded, initialized, instrumentlib options:none

dbghelp: loaded successfully - version: 4.0.5 - missing functions: none
symbol engine: initialized successfully - sym options: 0x614 - pdb path: .;c:\Users\mike\.vscode\extensions\redhat.java-1.54.0-win32-x64\jre\21.0.10-win32-x86_64\bin;C:\WINDOWS\SYSTEM32;C:\WINDOWS\WinSxS\amd64_microsoft.windows.common-controls_6595b64144ccf1df_6.0.19041.6926_none_60b5a53971f8f7e6;c:\Users\mike\.vscode\extensions\redhat.java-1.54.0-win32-x64\jre\21.0.10-win32-x86_64\bin\server

VM Arguments:
jvm_args: --add-modules=ALL-SYSTEM --add-opens=java.base/java.util=ALL-UNNAMED --add-opens=java.base/java.lang=ALL-UNNAMED --add-opens=java.base/sun.nio.fs=ALL-UNNAMED -Declipse.application=org.eclipse.jdt.ls.core.id1 -Dosgi.bundles.defaultStartLevel=4 -Declipse.product=org.eclipse.jdt.ls.core.product -Djava.import.generatesMetadataFilesAtProjectRoot=false -DDetectVMInstallationsJob.disabled=true -Dfile.encoding=utf8 -XX:+UseParallelGC -XX:GCTimeRatio=4 -XX:AdaptiveSizePolicyWeight=90 -Dsun.zip.disableMemoryMapping=true -Xmx2G -Xms100m -Xlog:disable -javaagent:c:\Users\mike\.vscode\extensions\redhat.java-1.54.0-win32-x64\lombok\lombok-1.18.39-4050.jar 
java_command: c:\Users\mike\.vscode\extensions\redhat.java-1.54.0-win32-x64\server\plugins\org.eclipse.equinox.launcher_1.7.100.v20251111-0406.jar -configuration c:\Users\mike\AppData\Roaming\Code\User\globalStorage\redhat.java\1.54.0\config_ss_win -data c:\Users\mike\AppData\Roaming\Code\User\workspaceStorage\e55c6a81ce491297daf25e063b7bdb39\redhat.java\ss_ws --pipe=\\.\pipe\lsp-acf434dd0a484253556c566b6443e7e6-sock
java_class_path (initial): c:\Users\mike\.vscode\extensions\redhat.java-1.54.0-win32-x64\server\plugins\org.eclipse.equinox.launcher_1.7.100.v20251111-0406.jar
Launcher Type: SUN_STANDARD

[Global flags]
    uintx AdaptiveSizePolicyWeight                 = 90                                        {product} {command line}
     intx CICompilerCount                          = 3                                         {product} {ergonomic}
    uintx GCTimeRatio                              = 4                                         {product} {command line}
   size_t InitialHeapSize                          = 104857600                                 {product} {command line}
   size_t MaxHeapSize                              = 2147483648                                {product} {command line}
   size_t MaxNewSize                               = 715653120                                 {product} {ergonomic}
   size_t MinHeapDeltaBytes                        = 524288                                    {product} {ergonomic}
   size_t MinHeapSize                              = 104857600                                 {product} {command line}
   size_t NewSize                                  = 34603008                                  {product} {ergonomic}
    uintx NonNMethodCodeHeapSize                   = 5832780                                {pd product} {ergonomic}
    uintx NonProfiledCodeHeapSize                  = 122912730                              {pd product} {ergonomic}
   size_t OldSize                                  = 70254592                                  {product} {ergonomic}
    uintx ProfiledCodeHeapSize                     = 122912730                              {pd product} {ergonomic}
    uintx ReservedCodeCacheSize                    = 251658240                              {pd product} {ergonomic}
     bool SegmentedCodeCache                       = true                                      {product} {ergonomic}
   size_t SoftMaxHeapSize                          = 2147483648                             {manageable} {ergonomic}
     bool UseCompressedOops                        = true                           {product lp64_product} {ergonomic}
     bool UseLargePagesIndividualAllocation        = false                                  {pd product} {ergonomic}
     bool UseParallelGC                            = true                                      {product} {command line}

Logging:
Log output configuration:
 #0: stdout all=off uptime,level,tags foldmultilines=false
 #1: stderr all=off uptime,level,tags foldmultilines=false

Release file:
JAVA_VERSION="21.0.10" 
MODULES="java.base java.compiler java.datatransfer java.xml java.prefs java.desktop java.instrument java.logging java.management java.security.sasl java.naming java.rmi java.management.rmi java.net.http java.scripting java.security.jgss java.transaction.xa java.sql java.sql.rowset java.xml.crypto java.se java.smartcardio jdk.accessibility jdk.internal.jvmstat jdk.attach jdk.charsets jdk.internal.opt jdk.zipfs jdk.compiler jdk.crypto.ec jdk.crypto.cryptoki jdk.crypto.mscapi jdk.dynalink jdk.internal.ed jdk.editpad jdk.hotspot.agent jdk.httpserver jdk.internal.le jdk.internal.vm.ci jdk.internal.vm.compiler jdk.internal.vm.compiler.management jdk.jartool jdk.javadoc jdk.jcmd jdk.management jdk.management.agent jdk.jconsole jdk.jdeps jdk.jdwp.agent jdk.jdi jdk.jfr jdk.jshell jdk.jsobject jdk.jstatd jdk.localedata jdk.management.jfr jdk.naming.dns jdk.naming.rmi jdk.net jdk.nio.mapmode jdk.random jdk.sctp jdk.security.auth jdk.security.jgss jdk.unsupported jdk.unsupported.desktop jdk.xml.dom" 

Environment Variables:
PATH=C:\Users\mike\AppData\Local\Programs\Microsoft VS Code;C:\Program Files (x86)\Common Files\Oracle\Java\java8path;C:\Program Files (x86)\Common Files\Oracle\Java\javapath;C:\Program Files (x86)\NVIDIA Corporation\PhysX\Common;C:\WINDOWS\system32;C:\WINDOWS;C:\WINDOWS\System32\Wbem;C:\WINDOWS\System32\WindowsPowerShell\v1.0\;C:\WINDOWS\System32\OpenSSH\;C:\Program Files\Git\cmd;C:\Users\mike\AppData\Local\Microsoft\WindowsApps;C:\Users\mike\AppData\Local\Programs\Microsoft VS Code\bin;C:\Users\mike\AppData\Local\GitHubDesktop\bin
USERNAME=mike
OS=Windows_NT
PROCESSOR_IDENTIFIER=Intel64 Family 6 Model 42 Stepping 7, GenuineIntel
TMP=C:\Users\mike\AppData\Local\Temp
TEMP=C:\Users\mike\AppData\Local\Temp




Periodic native trim disabled

---------------  S Y S T E M  ---------------

OS:
 Windows 10 , 64 bit Build 19041 (10.0.19041.7181)
OS uptime: 0 days 2:19 hours

CPU: total 4 (initial active 4) (2 cores per cpu, 2 threads per core) family 6 model 42 stepping 7 microcode 0x2f, cx8, cmov, fxsr, ht, mmx, sse, sse2, sse3, ssse3, sse4.1, sse4.2, popcnt, tsc, tscinvbit, avx, clmul, vzeroupper, clflush, rdtscp
Processor Information for the first 4 processors :
  Max Mhz: 2400, Current Mhz: 2400, Mhz Limit: 2400

Memory: 4k page, system-wide physical 8102M (390M free)
TotalPageFile size 10022M (AvailPageFile size 32M)
current process WorkingSet (physical memory assigned to process): 49M, peak: 49M
current process commit charge ("private bytes"): 214M, peak: 215M

vm_info: OpenJDK 64-Bit Server VM (21.0.10+7-LTS) for windows-amd64 JRE (21.0.10+7-LTS), built on 2026-01-20T00:00:00Z by "admin" with MS VC++ 17.12 (VS2022)

END.
